// Jest Snapshot v1, https://goo.gl/fbAQLP

exports[`matches snapshot 1`] = `
<DocumentFragment>
  <div
    class="Todo"
  >
    <div
      class="TodoContent"
    />
    <div
      class="ButtonsContainer"
    >
      <button>
        X
      </button>
      <button>
        Edit
      </button>
    </div>
  </div>
</DocumentFragment>
`;
