// Jest Snapshot v1, https://goo.gl/fbAQLP

exports[`matches snapshot 1`] = `
<DocumentFragment>
  <div
    class="box"
    style="margin: 10px; position: relative;"
  >
    <button
      class="remove-button"
    >
      X
    </button>
  </div>
</DocumentFragment>
`;
