// Jest Snapshot v1, https://goo.gl/fbAQLP

exports[`matches snapshot 1`] = `
<DocumentFragment>
  <div>
    <div
      class="form"
    >
      <form>
        <div>
          <label
            for="width"
          >
            Width:
          </label>
          <input
            id="width"
            type="number"
            value=""
          />
        </div>
        <div>
          <label
            for="height"
          >
            Height:
          </label>
          <input
            id="height"
            type="number"
            value=""
          />
        </div>
        <div>
          <label
            for="color"
          >
            Color:
          </label>
          <input
            id="color"
            type="text"
            value=""
          />
        </div>
        <button
          type="submit"
        >
          Add Box
        </button>
      </form>
    </div>
    <div
      class="boxes"
    />
  </div>
</DocumentFragment>
`;
